USER@DESKTOP-D9RGDQQ MINGW64 ~
$ cd /c/Users/USER/Desktop/project

USER@DESKTOP-D9RGDQQ MINGW64 ~/Desktop/project
$ git init
Initialized empty Git repository in C:/Users/USER/Desktop/project/.git/

USER@DESKTOP-D9RGDQQ MINGW64 ~/Desktop/project (master)
$ git --version
git version 2.45.2.windows.1

USER@DESKTOP-D9RGDQQ MINGW64 ~/Desktop/project (master)
$ ^[[200~
bash: $'\E[200~': command not found

USER@DESKTOP-D9RGDQQ MINGW64 ~/Desktop/project (master)
$ git config --global user.name "jclee"

USER@DESKTOP-D9RGDQQ MINGW64 ~/Desktop/project (master)
$ git config --global user.email "jclee.ftc@msa.hinet.net"

USER@DESKTOP-D9RGDQQ MINGW64 ~/Desktop/project (master)
$ git config --list
diff.astextplain.textconv=astextplain
filter.lfs.clean=git-lfs clean -- %f
filter.lfs.smudge=git-lfs smudge -- %f
filter.lfs.process=git-lfs filter-process
filter.lfs.required=true
http.sslbackend=openssl
http.sslcainfo=C:/Program Files/Git/mingw64/etc/ssl/certs/ca-bundle.crt
core.autocrlf=true
core.fscache=true
core.symlinks=false
pull.rebase=false
credential.helper=manager
credential.https://dev.azure.com.usehttppath=true
init.defaultbranch=master
user.name=jclee
user.email=jclee.ftc@msa.hinet.net
difftool.sourcetree.cmd=''
mergetool.sourcetree.cmd=''
mergetool.sourcetree.trustexitcode=true
core.repositoryformatversion=0
core.filemode=false
core.bare=false
core.logallrefupdates=true
:...skipping...
diff.astextplain.textconv=astextplain
filter.lfs.clean=git-lfs clean -- %f
filter.lfs.smudge=git-lfs smudge -- %f
filter.lfs.process=git-lfs filter-process
filter.lfs.required=true
http.sslbackend=openssl
http.sslcainfo=C:/Program Files/Git/mingw64/etc/ssl/certs/ca-bundle.crt
core.autocrlf=true
core.fscache=true
core.symlinks=false
pull.rebase=false
credential.helper=manager
credential.https://dev.azure.com.usehttppath=true
init.defaultbranch=master
user.name=jclee
user.email=jclee.ftc@msa.hinet.net
difftool.sourcetree.cmd=''
mergetool.sourcetree.cmd=''
mergetool.sourcetree.trustexitcode=true
core.repositoryformatversion=0
core.filemode=false
core.bare=false
core.logallrefupdates=true
core.symlinks=false
core.ignorecase=true
~
(END)
