USER@DESKTOP-D9RGDQQ MINGW64 ~
$ cd /c/Users/USER/Desktop/project

USER@DESKTOP-D9RGDQQ MINGW64 ~/Desktop/project
$ git init
Initialized empty Git repository in C:/Users/USER/Desktop/project/.git/

USER@DESKTOP-D9RGDQQ MINGW64 ~/Desktop/project (master)
$ git --version
git version 2.45.2.windows.1

USER@DESKTOP-D9RGDQQ MINGW64 ~/Desktop/project (master)
$ ^[[200~
bash: $'\E[200~': command not found

USER@DESKTOP-D9RGDQQ MINGW64 ~/Desktop/project (master)
$ git config --global user.name "jclee"

USER@DESKTOP-D9RGDQQ MINGW64 ~/Desktop/project (master)
$ git config --global user.email "jclee.ftc@msa.hinet.net"

USER@DESKTOP-D9RGDQQ MINGW64 ~/Desktop/project (master)
$ git config --list
user.name=jclee
user.email=jclee.ftc@msa.hinet.net
~
(END)

USER@DESKTOP-D9RGDQQ MINGW64 ~/Desktop/project (master)
$ git status
On branch master

No commits yet

Untracked files:
  (use "git add <file>..." to include in what will be committed)
        command.txt

nothing added to commit but untracked files present (use "git add" to track)

USER@DESKTOP-D9RGDQQ MINGW64 ~/Desktop/project (master)
$ git add .

USER@DESKTOP-D9RGDQQ MINGW64 ~/Desktop/project (master)
$ git status
On branch master

No commits yet

Changes to be committed:
  (use "git rm --cached <file>..." to unstage)
        new file:   command.txt


USER@DESKTOP-D9RGDQQ MINGW64 ~/Desktop/project (master)
$ git commit -m "新增Command.txt"
[master (root-commit) 072624e] 新增Command.txt
 1 file changed, 74 insertions(+)
 create mode 100644 command.txt


USER@DESKTOP-D9RGDQQ MINGW64 ~/Desktop/project (master)

USER@DESKTOP-D9RGDQQ MINGW64 ~/Desktop/project (master)
$ git add .

USER@DESKTOP-D9RGDQQ MINGW64 ~/Desktop/project (master)
$ git commit -m "update Command.txt"
[master bc84235] update Command.txt
 1 file changed, 36 insertions(+)

USER@DESKTOP-D9RGDQQ MINGW64 ~/Desktop/project (master)
$ git status
On branch master
nothing to commit, working tree clean

USER@DESKTOP-D9RGDQQ MINGW64 ~/Desktop/project (master)
$ git log
commit bc84235f3c8a64e054bed7f00e18f3f52cbf1fe7 (HEAD -> master)
Author: jclee <jclee.ftc@msa.hinet.net>
Date:   Mon Jun 24 16:54:54 2024 +0800

    update Command.txt

commit 072624eed8a35c8db07b19126c4ab15c59f1f67e
Author: jclee <jclee.ftc@msa.hinet.net>
Date:   Mon Jun 24 16:45:19 2024 +0800

    新增Command.txt

USER@DESKTOP-D9RGDQQ MINGW64 ~/Desktop/project (master)
$

